// Jest Snapshot v1, https://goo.gl/fbAQLP

exports[`test Message Component should snapshot 1`] = `
<DocumentFragment>
  <div
    class="msg  msg-default msg-sm msg-black"
    data-testid="message-element"
  >
    <div
      class="content"
    >
      <p />
    </div>
  </div>
</DocumentFragment>
`;
