// Jest Snapshot v1, https://goo.gl/fbAQLP

exports[`test MyAlerts Component should snapshot 1`] = `
<DocumentFragment>
  <div
    class="alert "
  >
    Default alert
  </div>
</DocumentFragment>
`;
